leaclover@leaclover-VirtualBox:~$ sudo apt purge nginx

[sudo] пароль для leaclover: 

Чтение списков пакетов… Готово

Построение дерева зависимостей… Готово

Чтение информации о состоянии… Готово         

Пакет «nginx» не установлен, поэтому не может быть удалён

Следующий пакет устанавливался автоматически и больше не требуется:

  systemd-hwe-hwdb

Для его удаления используйте «sudo apt autoremove».

Обновлено 0 пакетов, установлено 0 новых пакетов, для удаления отмечено 0 пакетов, и 148 пакетов не обновлено.

leaclover@leaclover-VirtualBox:~$ sudo apt install curl gnupg2 ca-certificates lsb-release ubuntu-keyring~

Чтение списков пакетов… Готово

Построение дерева зависимостей… Готово

Чтение информации о состоянии… Готово         

E: Невозможно найти пакет ubuntu-keyring~

leaclover@leaclover-VirtualBox:~$ ^[[200~curl https://nginx.org/keys/nginx_signing.key | gpg --dearmor \

> 

curl: команда не найдена

gpg: не найдено данных формата OpenPGP.

leaclover@leaclover-VirtualBox:~$ curl https://nginx.org/keys/nginx_signing.key | gpg --dearmor~

недопустимый параметр "--dearmor~"

Команда «curl» не найдена, но может быть установлена с помощью:

sudo snap install curl  # version 7.87.0, or

sudo apt  install curl  # version 7.81.0-1ubuntu1.7

See 'snap info curl' for additional versions.

leaclover@leaclover-VirtualBox:~$ curl https://nginx.org/keys/nginx_signing.key | gpg --dearmor \ | sudo tee /usr/share/keyrings/nginx-archive-keyring.gpg >/dev/null

gpg: не могу открыть ' ': Нет такого файла или каталога

gpg: ошибка преобразования из текстового формата: Нет такого файла или каталога

Команда «curl» не найдена, но может быть установлена с помощью:

sudo snap install curl  # version 7.87.0, or

sudo apt  install curl  # version 7.81.0-1ubuntu1.7

See 'snap info curl' for additional versions.

leaclover@leaclover-VirtualBox:~$ curl https://nginx.org/keys/nginx_signing.key | gpg --dearmor

Команда «curl» не найдена, но может быть установлена с помощью:

sudo snap install curl  # version 7.87.0, or

sudo apt  install curl  # version 7.81.0-1ubuntu1.7

See 'snap info curl' for additional versions.

gpg: не найдено данных формата OpenPGP.

leaclover@leaclover-VirtualBox:~$ 

leaclover@leaclover-VirtualBox:~$ sudo apt purge nginx

Чтение списков пакетов… Готово

Построение дерева зависимостей… Готово

Чтение информации о состоянии… Готово         

Пакет «nginx» не установлен, поэтому не может быть удалён

Следующий пакет устанавливался автоматически и больше не требуется:

  systemd-hwe-hwdb

Для его удаления используйте «sudo apt autoremove».

Обновлено 0 пакетов, установлено 0 новых пакетов, для удаления отмечено 0 пакетов, и 148 пакетов не обновлено.

leaclover@leaclover-VirtualBox:~$ ^[[200~echo "deb http://nginx.org/packages/ubuntu `lsb_release -cs` nginx" > | sudo tee /etc/apt/sources.list.d/nginx.list

bash: синтаксическая ошибка рядом с неожиданным маркером «|»

leaclover@leaclover-VirtualBox:~$ deb http://nginx.org/packages/ubuntu xenial nginx

Команда «deb» не найдена. Возможно, вы имели в виду:

  command 'dub' from snap dub (1.19.0)

  command 'den' from snap den (1.2.0-0)

  command 'debi' from deb devscripts (2.22.1ubuntu1)

  command 'debc' from deb devscripts (2.22.1ubuntu1)

  command 'derb' from deb icu-devtools (70.1-2)

  command 'dcb' from deb iproute2 (5.15.0-1ubuntu2)

  command 'dex' from deb dex (0.9.0-1)

  command 'dub' from deb dub (1.27.0-2)

  command 'edb' from deb edb-debugger (1.3.0-1)

  command 'deb3' from deb quilt (0.66-2.1)

  command 'dab' from deb bsdgames (2.17-29)

See 'snap info <snapname>' for additional versions.

leaclover@leaclover-VirtualBox:~$ ~









leaclover@leaclover-VirtualBox:~$ sudo apt purge nginx

Чтение списков пакетов… Готово

Построение дерева зависимостей… Готово

Чтение информации о состоянии… Готово         

Пакет «nginx» не установлен, поэтому не может быть удалён

Следующий пакет устанавливался автоматически и больше не требуется:

  systemd-hwe-hwdb

Для его удаления используйте «sudo apt autoremove».

Обновлено 0 пакетов, установлено 0 новых пакетов, для удаления отмечено 0 пакетов, и 148 пакетов не обновлено.

leaclover@leaclover-VirtualBox:~$ echo "deb http://nginx.org/packages/ubuntu `lsb_release -cs` nginx" > | sudo tee /etc/apt/sources.list.d/nginx.list

deb http://nginx.org/packages/ubuntu xenial nginx

bash: синтаксическая ошибка рядом с неожиданным маркером «|»

Команда «deb» не найдена. Возможно, вы имели в виду:

  command 'dub' from snap dub (1.19.0)

  command 'den' from snap den (1.2.0-0)

  command 'dab' from deb bsdgames (2.17-29)

  command 'dub' from deb dub (1.27.0-2)

  command 'derb' from deb icu-devtools (70.1-2)

  command 'dcb' from deb iproute2 (5.15.0-1ubuntu2)

  command 'deb3' from deb quilt (0.66-2.1)

  command 'debi' from deb devscripts (2.22.1ubuntu1)

  command 'debc' from deb devscripts (2.22.1ubuntu1)

  command 'dex' from deb dex (0.9.0-1)

  command 'edb' from deb edb-debugger (1.3.0-1)

See 'snap info <snapname>' for additional versions.

leaclover@leaclover-VirtualBox:~$ ll /etc/apt/sources.list.d/

итого 8

drwxr-xr-x 2 root root 4096 апр  8  2022 ./

drwxr-xr-x 8 root root 4096 янв 12 18:09 ../

leaclover@leaclover-VirtualBox:~$ echo "deb http://nginx.org/packages/ubuntu `lsb_release -cs` nginx" > | sudo tee /etc/apt/sources.list.d/nginx.list deb http://nginx.org/packages/ubuntu xenial nginx

bash: синтаксическая ошибка рядом с неожиданным маркером «|»

leaclover@leaclover-VirtualBox:~$ echo "deb http://nginx.org/packages/ubuntu `lsb_release -cs` nginx" | sudo tee /etc/apt/sources.list.d/nginx.list deb http://nginx.org/packages/ubuntu xenial nginx

tee: 'http://nginx.org/packages/ubuntu': Нет такого файла или каталога

deb http://nginx.org/packages/ubuntu jammy nginx

leaclover@leaclover-VirtualBox:~$ echo "deb http://nginx.org/packages/ubuntu `lsb_release -cs` nginx" > | sudo tee /etc/apt/sources.list.d/nginx.list

bash: синтаксическая ошибка рядом с неожиданным маркером «|»

leaclover@leaclover-VirtualBox:~$ 

leaclover@leaclover-VirtualBox:~$ curl https://nginx.org/keys/nginx_signing.key | gpg --dearmor \| sudo tee /usr/share/keyrings/nginx-archive-keyring.gpg >/dev/null

вызов: gpg [параметры] --dearmor [file]

Команда «curl» не найдена, но может быть установлена с помощью:

sudo snap install curl  # version 7.87.0, or

sudo apt  install curl  # version 7.81.0-1ubuntu1.7

See 'snap info curl' for additional versions.

leaclover@leaclover-VirtualBox:~$ sudo snap install curl

curl 7.87.0 от Wouter van Bommel (woutervb) установлен

leaclover@leaclover-VirtualBox:~$ curl https://nginx.org/keys/nginx_signing.key | gpg --dearmor \| sudo tee /usr/share/keyrings/nginx-archive-keyring.gpg >/dev/null

вызов: gpg [параметры] --dearmor [file]

  % Total    % Received % Xferd  Average Speed   Time    Time     Time  Current

                                 Dload  Upload   Total   Spent    Left  Speed

100  1561  100  1561    0     0   4695      0 --:--:-- --:--:-- --:--:--  4701

curl: (23) Failed writing body

leaclover@leaclover-VirtualBox:~$ curl https://nginx.org/keys/nginx_signing.key | gpg --dearmor \ | sudo tee /usr/share/keyrings/nginx-archive-keyring.gpg >/dev/null

gpg: не могу открыть ' ': Нет такого файла или каталога

gpg: ошибка преобразования из текстового формата: Нет такого файла или каталога

[sudo] пароль для leaclover:   % Total    % Received % Xferd  Average Speed   Time    Time     Time  Current

                                 Dload  Upload   Total   Spent    Left  Speed

100  1561  100  1561    0     0   2755      0 --:--:-- --:--:-- --:--:--  2757

curl: (23) Failed writing body



Попробуйте ещё раз.

[sudo] пароль для leaclover: 

leaclover@leaclover-VirtualBox:~$ curl https://nginx.org/keys/nginx_signing.key | gpg --dearmor

  % Total    % Received % Xferd  Average Speed   Time    Time     Time  Current

                                 Dload  Upload   Total   Spent    Left  Speed

100  1561  100  1561    0     0   2565      0 --:--:-- --:--:-- --:--:--  2563

NN2��

����ͫ�X/7pt���U����p\�[�L�

���G                     G[���=��}�F�$#��$Rg�i��Jjf,��	�

��<�C�d��N�[C�}���=�2�uf��[|���%���A�P���|4~|�3TUG�B�@�4_T��WH԰���?hl7�b����+h)$m���y�1^L�����+ܖ��Ч�w�g�˩�hJ�ź2y@nף�]�����D�LԙȈi�f.���"��_�m�)nginx signing key <signing-key@nginx.com>�>(

                                  	



Wb��	A

	����{ٿbZ��W��%��&�_��X��yr��ɸ^��5/U!xc����ě�\O�k`q8�*�(]gšc�q����󚑂�3�ñ�!

�"����Q�n}����ܧ�$                                                               �9�ח�7�b>]��+�>��F猖��^�w�

                 Y%Z$HE'i�5����￠$������*ݪ.���2;A��\������� �W�['х�sU����O�:�Z4���F�F��1�&��^�Ʋ�$\��8�

                                                                                                      ���p�2�W��� $ӉNNG�

xI�jŤ��^/��z�9�����EATf������q$��_�Yunq+~S��;���

-�L��)欩�2U�j��c��0�B4hdE-�p}�q�e[�n1]�'d3[Q��\R���8����������������H�w��^����X.�Gbg�z1<�o:�ol��O&�	�5!!=n��i_Y�Y�%W�(1r��FNN[�

	���

           , �Q���i����q�b�B�]P����4�p^!�!Z��

                                             X��A��FNN_a

	�7a9�$�>sV�`R��/����&��%'��(G�	Aa]�@�U���k���

leaclover@leaclover-VirtualBox:~$ sudo tee /usr/share/keyrings/nginx-archive-keyring.gpg >/dev/null



^C

leaclover@leaclover-VirtualBox:~$ echo "deb http://nginx.org/packages/ubuntu `lsb_release -cs` nginx" | sudo tee /etc/apt/sources.list.d/nginx.list deb http://nginx.org/packages/ubuntu xenial nginx

tee: 'http://nginx.org/packages/ubuntu': Нет такого файла или каталога

deb http://nginx.org/packages/ubuntu jammy nginx

leaclover@leaclover-VirtualBox:~$ 

leaclover@leaclover-VirtualBox:~$ curl https://nginx.org/keys/nginx_signing.key | gpg --dearmor \

    | sudo tee /usr/share/keyrings/nginx-archive-keyring.gpg >/dev/null

  % Total    % Received % Xferd  Average Speed   Time    Time     Time  Current

                                 Dload  Upload   Total   Spent    Left  Speed

100  1561  100  1561    0     0   3720      0 --:--:-- --:--:-- --:--:--  3725

leaclover@leaclover-VirtualBox:~$ 



















































leaclover@leaclover-VirtualBox:~$ sudo apt purge nginx

Чтение списков пакетов… Готово

Построение дерева зависимостей… Готово

Чтение информации о состоянии… Готово         

Пакет «nginx» не установлен, поэтому не может быть удалён

Следующий пакет устанавливался автоматически и больше не требуется:

  systemd-hwe-hwdb

Для его удаления используйте «sudo apt autoremove».

Обновлено 0 пакетов, установлено 0 новых пакетов, для удаления отмечено 0 пакетов, и 148 пакетов не обновлено.

leaclover@leaclover-VirtualBox:~$ curl https://nginx.org/keys/nginx_signing.key | gpg --dearmor     | sudo tee /usr/share/keyrings/nginx-archive-keyring.gpg >/dev/null

  % Total    % Received % Xferd  Average Speed   Time    Time     Time  Current

                                 Dload  Upload   Total   Spent    Left  Speed

100  1561  100  1561    0     0   3099      0 --:--:-- --:--:-- --:--:--  3097

leaclover@leaclover-VirtualBox:~$ 

































leaclover@leaclover-VirtualBox:~$ sudo apt purge nginx

Чтение списков пакетов… Готово

Построение дерева зависимостей… Готово

Чтение информации о состоянии… Готово         

Пакет «nginx» не установлен, поэтому не может быть удалён

Следующий пакет устанавливался автоматически и больше не требуется:

  systemd-hwe-hwdb

Для его удаления используйте «sudo apt autoremove».

Обновлено 0 пакетов, установлено 0 новых пакетов, для удаления отмечено 0 пакетов, и 148 пакетов не обновлено.

leaclover@leaclover-VirtualBox:~$ sudo snap install curl

snap "curl" is already installed, see 'snap help refresh'

leaclover@leaclover-VirtualBox:~$ curl https://nginx.org/keys/nginx_signing.key | gpg --dearmor     | sudo tee /usr/share/keyrings/nginx-archive-keyring.gpg >/dev/null

  % Total    % Received % Xferd  Average Speed   Time    Time     Time  Current

                                 Dload  Upload   Total   Spent    Left  Speed

100  1561  100  1561    0     0   2614      0 --:--:-- --:--:-- --:--:--  2619

leaclover@leaclover-VirtualBox:~$ gpg --dry-run --quiet --no-keyring --import --import-options import-show /usr/share/keyrings/nginx-archive-keyring.gpg

pub   rsa2048 2011-08-19 [SC] [годен до: 2024-06-14]

      573BFD6B3D8FBC641079A6ABABF5BD827BD9BF62

uid                      nginx signing key <signing-key@nginx.com>



leaclover@leaclover-VirtualBox:~$ echo "deb [signed-by=/usr/share/keyrings/nginx-archive-keyring.gpg] \

http://nginx.org/packages/ubuntu `lsb_release -cs` nginx" \

    | sudo tee /etc/apt/sources.list.d/nginx.list

deb [signed-by=/usr/share/keyrings/nginx-archive-keyring.gpg] http://nginx.org/packages/ubuntu jammy nginx

leaclover@leaclover-VirtualBox:~$ cat /etc/apt/sources.list.d/nginx.list

deb [signed-by=/usr/share/keyrings/nginx-archive-keyring.gpg] http://nginx.org/packages/ubuntu jammy nginx

leaclover@leaclover-VirtualBox:~$ sudo apt update

Сущ:1 http://ru.archive.ubuntu.com/ubuntu jammy InRelease

Пол:2 http://ru.archive.ubuntu.com/ubuntu jammy-updates InRelease [114 kB]

Пол:3 http://ru.archive.ubuntu.com/ubuntu jammy-backports InRelease [99,8 kB]                    

Пол:4 http://security.ubuntu.com/ubuntu jammy-security InRelease [110 kB]    

Пол:5 http://ru.archive.ubuntu.com/ubuntu jammy-updates/main i386 Packages [429 kB]

Пол:6 http://ru.archive.ubuntu.com/ubuntu jammy-updates/main amd64 Packages [852 kB]              

Пол:7 http://nginx.org/packages/ubuntu jammy InRelease [3 578 B]                                                                   

Пол:8 http://nginx.org/packages/ubuntu jammy/nginx amd64 Packages [9 955 B]                                                        

Пол:9 http://ru.archive.ubuntu.com/ubuntu jammy-updates/main amd64 DEP-11 Metadata [102 kB]           

Пол:10 http://security.ubuntu.com/ubuntu jammy-security/main amd64 Packages [600 kB]                       

Пол:11 http://ru.archive.ubuntu.com/ubuntu jammy-updates/main amd64 c-n-f Metadata [13,1 kB]               

Пол:12 http://ru.archive.ubuntu.com/ubuntu jammy-updates/universe amd64 Packages [796 kB]            

Пол:13 http://ru.archive.ubuntu.com/ubuntu jammy-updates/universe i386 Packages [567 kB]                   

Пол:14 http://security.ubuntu.com/ubuntu jammy-security/main i386 Packages [247 kB]                        

Пол:15 http://security.ubuntu.com/ubuntu jammy-security/main Translation-en [127 kB]           

Пол:16 http://security.ubuntu.com/ubuntu jammy-security/main amd64 DEP-11 Metadata [41,5 kB]       

Пол:17 http://security.ubuntu.com/ubuntu jammy-security/universe amd64 Packages [637 kB]                 

Пол:18 http://ru.archive.ubuntu.com/ubuntu jammy-updates/universe amd64 DEP-11 Metadata [265 kB]         

Пол:19 http://security.ubuntu.com/ubuntu jammy-security/universe i386 Packages [490 kB]          

Пол:20 http://ru.archive.ubuntu.com/ubuntu jammy-updates/multiverse amd64 DEP-11 Metadata [940 B]    

Пол:21 http://ru.archive.ubuntu.com/ubuntu jammy-backports/universe amd64 DEP-11 Metadata [11,6 kB]

Пол:22 http://security.ubuntu.com/ubuntu jammy-security/universe Translation-en [87,3 kB]        

Пол:23 http://security.ubuntu.com/ubuntu jammy-security/universe amd64 DEP-11 Metadata [13,3 kB]

Получено 5 617 kB за 4с (1 310 kB/s)                                          

Чтение списков пакетов… Готово

Построение дерева зависимостей… Готово

Чтение информации о состоянии… Готово         

Может быть обновлено 148 пакетов. Запустите «apt list --upgradable» для их показа.

N: Пропускается получение настроенного файла «nginx/binary-i386/Packages», так как репозиторий «http://nginx.org/packages/ubuntu jammy InRelease» не поддерживает архитектуру «i386»

leaclover@leaclover-VirtualBox:~$ sudo apt install nginx

Чтение списков пакетов… Готово

Построение дерева зависимостей… Готово

Чтение информации о состоянии… Готово         

Следующий пакет устанавливался автоматически и больше не требуется:

  systemd-hwe-hwdb

Для его удаления используйте «sudo apt autoremove».

Следующие НОВЫЕ пакеты будут установлены:

  nginx

Обновлено 0 пакетов, установлено 1 новых пакетов, для удаления отмечено 0 пакетов, и 148 пакетов не обновлено.

Необходимо скачать 1 004 kB архивов.

После данной операции объём занятого дискового пространства возрастёт на 3 259 kB.

Пол:1 http://nginx.org/packages/ubuntu jammy/nginx amd64 nginx amd64 1.22.1-1~jammy [1 004 kB]

Получено 1 004 kB за 1с (777 kB/s)  

Выбор ранее не выбранного пакета nginx.

(Чтение базы данных … на данный момент установлено 185312 файлов и каталогов.)

Подготовка к распаковке …/nginx_1.22.1-1~jammy_amd64.deb …

----------------------------------------------------------------------



Thanks for using nginx!



Please find the official documentation for nginx here:

* https://nginx.org/en/docs/



Please subscribe to nginx-announce mailing list to get

the most important news about nginx:

* https://nginx.org/en/support.html



Commercial subscriptions for nginx are available on:

* https://nginx.com/products/



----------------------------------------------------------------------

Распаковывается nginx (1.22.1-1~jammy) …

Настраивается пакет nginx (1.22.1-1~jammy) …

Created symlink /etc/systemd/system/multi-user.target.wants/nginx.service → /lib/systemd/system/nginx.service.

Обрабатываются триггеры для man-db (2.10.2-1) …

leaclover@leaclover-VirtualBox:~$ cat /etc/apt/sources.list.d/nginx.list

deb [signed-by=/usr/share/keyrings/nginx-archive-keyring.gpg] http://nginx.org/packages/ubuntu jammy nginx

leaclover@leaclover-VirtualBox:~$ sudo systemctl status nginx.service

○ nginx.service - nginx - high performance web server

     Loaded: loaded (/lib/systemd/system/nginx.service; enabled; vendor preset: enabled)

     Active: inactive (dead)

       Docs: https://nginx.org/en/docs/

leaclover@leaclover-VirtualBox:~$ ll /etc/nginx/

итого 44

drwxr-xr-x   3 root root  4096 янв 31 19:25 ./

drwxr-xr-x 131 root root 12288 янв 31 19:25 ../

drwxr-xr-x   2 root root  4096 янв 31 19:25 conf.d/

-rw-r--r--   1 root root  1007 окт 19 11:02 fastcgi_params

-rw-r--r--   1 root root  5349 окт 19 11:02 mime.types

lrwxrwxrwx   1 root root    22 окт 19 12:37 modules -> /usr/lib/nginx/modules/

-rw-r--r--   1 root root   648 окт 19 12:37 nginx.conf

-rw-r--r--   1 root root   636 окт 19 11:02 scgi_params

-rw-r--r--   1 root root   664 окт 19 11:02 uwsgi_params

leaclover@leaclover-VirtualBox:~$ dpkg --help

Usage: dpkg [<option>...] <command>



Commands:

  -i|--install       <.deb file name>... | -R|--recursive <directory>...

  --unpack           <.deb file name>... | -R|--recursive <directory>...

  -A|--record-avail  <.deb file name>... | -R|--recursive <directory>...

  --configure        <package>... | -a|--pending

  --triggers-only    <package>... | -a|--pending

  -r|--remove        <package>... | -a|--pending

  -P|--purge         <package>... | -a|--pending

  -V|--verify [<package>...]       Verify the integrity of package(s).

  --get-selections [<pattern>...]  Get list of selections to stdout.

  --set-selections                 Set package selections from stdin.

  --clear-selections               Deselect every non-essential package.

  --update-avail [<Packages-file>] Replace available packages info.

  --merge-avail [<Packages-file>]  Merge with info from file.

  --clear-avail                    Erase existing available info.

  --forget-old-unavail             Forget uninstalled unavailable pkgs.

  -s|--status [<package>...]       Display package status details.

  -p|--print-avail [<package>...]  Display available version details.

  -L|--listfiles <package>...      List files 'owned' by package(s).

  -l|--list [<pattern>...]         List packages concisely.

  -S|--search <pattern>...         Find package(s) owning file(s).

  -C|--audit [<package>...]        Check for broken package(s).

  --yet-to-unpack                  Print packages selected for installation.

  --predep-package                 Print pre-dependencies to unpack.

  --add-architecture <arch>        Add <arch> to the list of architectures.

  --remove-architecture <arch>     Remove <arch> from the list of architectures.

  --print-architecture             Print dpkg architecture.

  --print-foreign-architectures    Print allowed foreign architectures.

  --assert-help                    Show help on assertions.

  --assert-<feature>               Assert support for the specified feature.

  --validate-<thing> <string>      Validate a <thing>'s <string>.

  --compare-versions <a> <op> <b>  Compare version numbers - see below.

  --force-help                     Show help on forcing.

  -Dh|--debug=help                 Show help on debugging.



  -?, --help                          Вывести это сообщение

  --version                           Вывести номер версии



Validatable things: pkgname, archname, trigname, version.



Use dpkg with -b, --build, -c, --contents, -e, --control, -I, --info,

  -f, --field, -x, --extract, -X, --vextract, --ctrl-tarfile, --fsys-tarfile

on archives (type dpkg-deb --help).



Options:

  --admindir=<directory>     Use <directory> instead of /var/lib/dpkg.

  --root=<directory>         Install on a different root directory.

  --instdir=<directory>      Change installation dir without changing admin dir.

  --pre-invoke=<command>     Set a pre-invoke hook.

  --post-invoke=<command>    Set a post-invoke hook.

  --path-exclude=<pattern>   Do not install paths which match a shell pattern.

  --path-include=<pattern>   Re-include a pattern after a previous exclusion.

  -O|--selected-only         Skip packages not selected for install/upgrade.

  -E|--skip-same-version     Skip packages whose same version is installed.

  -G|--refuse-downgrade      Skip packages with earlier version than installed.

  -B|--auto-deconfigure      Install even if it would break some other package.

  --[no-]triggers            Skip or force consequential trigger processing.

  --verify-format=<format>   Verify output format (supported: 'rpm').

  --no-pager                 Disables the use of any pager.

  --no-debsig                Do not try to verify package signatures.

  --no-act|--dry-run|--simulate

                             Just say what we would do - don't do it.

  -D|--debug=<octal>         Enable debugging (see -Dhelp or --debug=help).

  --status-fd <n>            Send status change updates to file descriptor <n>.

  --status-logger=<command>  Send status change updates to <command>'s stdin.

  --log=<filename>           Log status changes and actions to <filename>.

  --ignore-depends=<package>[,...]

                             Ignore dependencies involving <package>.

  --force-<thing>[,...]      Override problems (see --force-help).

  --no-force-<thing>[,...]   Stop when problems encountered.

  --refuse-<thing>[,...]     Ditto.

  --abort-after <n>          Abort after encountering <n> errors.

  --robot                    Use machine-readable output on some commands.



Операторы сравнения, возможные в --compare-versions:

  lt le eq ne ge gt       (пустое значение версии считать самой ранней);

  lt-nl le-nl ge-nl gt-nl (пустое значение версии считать самой поздней);

  < << <= = >= >> >       (для совместимости с синтаксисом файла control).



Программы «apt» или «aptitude» предоставляют дружественный интерфейс

управления пакетами.

leaclover@leaclover-VirtualBox:~$ sudo dpkg -r -P nginx 

dpkg: ошибка: несовместимые действия -P (--purge) и -r (--remove)



Справка по установке и удалению пакетов доступна по команде dpkg --help [*];

Программа «apt» или «aptitude» предоставляет дружественный интерфейс

управления пакетами;

Чтобы получить список значений флагов отладки dpkg, введите dpkg -Dhelp;

Чтобы получить информацию об игнорировании проблем, введите dpkg --force-help;

Чтобы получить справку по работе с файлами *.deb, введите dpkg-deb --help;



Команды, отмеченные [*], выводят большое количество информации.

Объедините их в конвейер с программами «less» или «more»!

leaclover@leaclover-VirtualBox:~$ sudo dpkg -r nginx 

(Чтение базы данных … на данный момент установлено 185346 файлов и каталогов.)

Удаляется nginx (1.22.1-1~jammy) …

Обрабатываются триггеры для man-db (2.10.2-1) …

leaclover@leaclover-VirtualBox:~$ ll /etc/nginx/

итого 44

drwxr-xr-x   3 root root  4096 янв 31 19:35 ./

drwxr-xr-x 131 root root 12288 янв 31 19:25 ../

drwxr-xr-x   2 root root  4096 янв 31 19:25 conf.d/

-rw-r--r--   1 root root  1007 окт 19 11:02 fastcgi_params

-rw-r--r--   1 root root  5349 окт 19 11:02 mime.types

-rw-r--r--   1 root root   648 окт 19 12:37 nginx.conf

-rw-r--r--   1 root root   636 окт 19 11:02 scgi_params

-rw-r--r--   1 root root   664 окт 19 11:02 uwsgi_params

leaclover@leaclover-VirtualBox:~$ sudo dpkg -P nginx 

(Чтение базы данных … на данный момент установлено 185326 файлов и каталогов.)

Вычищаются файлы настройки пакета nginx (1.22.1-1~jammy) …

leaclover@leaclover-VirtualBox:~$ ll /etc/nginx/

ls: невозможно получить доступ к '/etc/nginx/': Нет такого файла или каталога

leaclover@leaclover-VirtualBox:~$ snap version

snap    2.58

snapd   2.58

series  16

ubuntu  22.04

kernel  5.15.0-58-generic

leaclover@leaclover-VirtualBox:~$ snap find

Поисковый запрос пуст. Но имеются некоторые snap-пакеты, которые могут вас заинтересовать:



Название     Версия                            Издатель               Примечание  Описание

jami         20230130.1037.1b9159ac            sfljami                -           Privacy-oriented voice, video, chat, and conference platform and SIP phone

krita        5.1.1                             krita✓                 -           Digital Painting, Creative Freedom

thunderbird  102.7.1-1                         canonical✓             -           Mozilla Thunderbird email application

notepadqq    1.4.8                             danieleds              -           A Notepad++-like editor for Linux.

postman      10.8.0                            postman-inc✓           -           API Development Environment

mailspring   1.10.8                            foundry376✓            -           The best email app for people and teams at work

spotify      1.1.84.716.gc5f8b819              spotify✓               -           Music for everyone

slack        4.29.149                          slack✓                 -           Team communication for the 21st century.

foobar2000   1.6.16                            mmtrt                  -           foobar2000 is an advanced freeware audio player.

gimp         2.10.30                           snapcrafters           -           GNU Image Manipulation Program

hugo         0.110.0                           hugo-authors           -           Fast and Flexible Static Site Generator

inkscape     1.2.2-b0a8486541-2022-12-01-cust  inkscape✓              -           Vector Graphics Editor

juju         2.9.38                            canonical✓             classic     Juju - a model-driven operator lifecycle manager for K8s and machines

skype        8.93.0.404                        skype✓                 -           One Skype for all your devices. New features. New look. All Skype.

litteris     master                            raibtoffoletto         -           Penpal Correspondence Organized

musescore    3.6.2                             musescore✓             -           Create, play and print beautiful sheet music.

newsboat     r2.30.1                           minoru                 -           An RSS/Atom feed reader for text terminals

kdenlive     22.08.3                           kde✓                   -           Video Editor

qownnotes    23.1.5                            pbek                   -           Plain-text file markdown note taking with Nextcloud/ownCloud integration

retroarch    1.14.0                            libretro               -           RetroArch is the official reference frontend for the libretro API.

audacity     3.1.3                             diddledani✪            -           Audio software for multi-track recording and editing

bitwarden    2023.1.1                          bitwarden✓             -           Bitwarden

obs-studio   27.1.3                            snapcrafters           -           Free and open source software for live streaming and screen recording

gitkraken    9.0.1                             gitkraken✓             classic     For repo management, in-app code editing & issue tracking.

keepassxc    2.7.4                             keepassxreboot         -           Community-driven port of the Windows application “KeePass Password Safe”

vlc          3.0.18                            videolan✓              -           The ultimate media player

powershell   7.3.2                             microsoft-powershell✓  classic     PowerShell for every system!



Введите поисковый запрос так, чтобы результаты поиска были наиболее точны.

leaclover@leaclover-VirtualBox:~$ snap install gimp

gimp 2.10.30 от Snapcrafters установлен

leaclover@leaclover-VirtualBox:~$ nano test.txt

leaclover@leaclover-VirtualBox:~$ crontab --help

crontab: неверный ключ — «-»

crontab: usage error: unrecognized option

usage:	crontab [-u user] file

	crontab [ -u user ] [ -i ] { -e | -l | -r }

		(default operation is replace, per 1003.2)

	-e	(edit user's crontab)

	-l	(list user's crontab)

	-r	(delete user's crontab)

	-i	(prompt before deleting user's crontab)

leaclover@leaclover-VirtualBox:~$ crontab -l

no crontab for leaclover

leaclover@leaclover-VirtualBox:~$ crontab -e

no crontab for leaclover - using an empty one



Select an editor.  To change later, run 'select-editor'.

  1. /bin/nano        <---- easiest

  2. /usr/bin/vim.basic

  3. /usr/bin/mcedit

  4. /usr/bin/vim.tiny

  5. /bin/ed



Choose 1-5 [1]: 1

crontab: installing new crontab

leaclover@leaclover-VirtualBox:~$ pwd

/home/leaclover

leaclover@leaclover-VirtualBox:~$ ll

итого 132

drwxr-x--- 17 leaclover leaclover 4096 янв 31 20:02  ./

drwxr-xr-x  9 root      root      4096 янв 26 01:15  ../

-rw-rw-r--  1 leaclover leaclover   16 янв 21 00:45  123

-rw-------  1 leaclover leaclover 3558 янв 31 18:21  .bash_history

-rw-r--r--  1 leaclover leaclover  220 янв 12 18:04  .bash_logout

-rw-r--r--  1 leaclover leaclover 3771 янв 12 18:04  .bashrc

drwx------ 11 leaclover leaclover 4096 янв 16 20:52  .cache/

drwxrwxr-x  2 leaclover leaclover 4096 янв 26 00:52  common_folder/

drwx------ 12 leaclover leaclover 4096 янв 16 20:44  .config/

-rw-r--r--  1 root      root        49 янв 31 19:16  deb

-rw-------  1 leaclover leaclover   20 янв 16 20:49  .lesshst

drwx------  3 leaclover leaclover 4096 янв 16 19:40  .local/

drwxrwxr-x  2 leaclover leaclover 4096 янв 21 00:57  newfolder/

-rw-r--r--  1 root      root        49 янв 31 19:16  nginx

-rw-r--r--  1 leaclover leaclover  807 янв 12 18:04  .profile

-rw-rw-r--  1 leaclover leaclover   66 янв 31 20:02  .selected_editor

drwxr-x---  2 root      root      4096 янв 16 21:13  shared/

drwx------  4 leaclover leaclover 4096 янв 31 19:14  snap/

-rw-r--r--  1 leaclover leaclover    0 янв 16 20:33  .sudo_as_admin_successful

-rw-rw-r--  1 leaclover leaclover   12 янв 31 20:00  test.txt

-rw-r-----  1 leaclover leaclover    5 янв 19 00:49  .vboxclient-clipboard.pid

-rw-r-----  1 leaclover leaclover    5 янв 19 00:49  .vboxclient-draganddrop.pid

-rw-r-----  1 leaclover leaclover    5 янв 19 00:49  .vboxclient-seamless.pid

-rw-r-----  1 leaclover leaclover    5 янв 19 00:49  .vboxclient-vmsvga-session-tty2.pid

-rw-------  1 leaclover leaclover 1742 янв 21 00:31  .viminfo

-rw-r--r--  1 root      root        49 янв 31 19:16  xenial

drwxr-xr-x  2 leaclover leaclover 4096 янв 16 19:40  Видео/

drwxr-xr-x  2 leaclover leaclover 4096 янв 16 19:40  Документы/

drwxr-xr-x  2 leaclover leaclover 4096 янв 16 19:40  Загрузки/

drwxr-xr-x  2 leaclover leaclover 4096 янв 16 19:40  Изображения/

drwxr-xr-x  2 leaclover leaclover 4096 янв 16 19:40  Музыка/

drwxr-xr-x  2 leaclover leaclover 4096 янв 16 19:40  Общедоступные/

drwxr-xr-x  2 leaclover leaclover 4096 янв 16 19:40 'Рабочий стол'/

drwxr-xr-x  2 leaclover leaclover 4096 янв 16 19:40  Шаблоны/

leaclover@leaclover-VirtualBox:~$ crontab -e

crontab: installing new crontab

leaclover@leaclover-VirtualBox:~$ cat test.txt.bak

cat: test.txt.bak: Нет такого файла или каталога

leaclover@leaclover-VirtualBox:~$ crontab -e

crontab: installing new crontab

leaclover@leaclover-VirtualBox:~$ cat test.txt.bak

cat: test.txt.bak: Нет такого файла или каталога

leaclover@leaclover-VirtualBox:~$ cat test.txt.bak

cat: test.txt.bak: Нет такого файла или каталога

leaclover@leaclover-VirtualBox:~$ crontab -e

crontab: installing new crontab

leaclover@leaclover-VirtualBox:~$ cat test.txt.bak

cat: test.txt.bak: Нет такого файла или каталога

leaclover@leaclover-VirtualBox:~$ cat test.txt.bak

cat: test.txt.bak: Нет такого файла или каталога

leaclover@leaclover-VirtualBox:~$ cat test.txt.bak

cat: test.txt.bak: Нет такого файла или каталога

leaclover@leaclover-VirtualBox:~$ crontab -e

crontab: installing new crontab

leaclover@leaclover-VirtualBox:~$ cat > test.txt.bak



leaclover@leaclover-VirtualBox:~$ cat test.txt.bak



leaclover@leaclover-VirtualBox:~$ cat test.txt.bak



leaclover@leaclover-VirtualBox:~$ crontab -e

crontab: installing new crontab

leaclover@leaclover-VirtualBox:~$ cat test.txt.bak

12345

12345

leaclover@leaclover-VirtualBox:~$ cat test.txt

12345

12345

leaclover@leaclover-VirtualBox:~$ nano test.txt

leaclover@leaclover-VirtualBox:~$ cat test.txt.bak

12345

123451234

222

leaclover@leaclover-VirtualBox:~$ crontab -e

crontab: installing new crontab

leaclover@leaclover-VirtualBox:~$ sudo cat /var/spool/cron/crontabs/leaclover

[sudo] пароль для leaclover: 

# DO NOT EDIT THIS FILE - edit the master and reinstall.

# (/tmp/crontab.2HbDpM/crontab installed on Tue Jan 31 20:36:31 2023)

# (Cron version -- $Id: crontab.c,v 2.13 1994/01/17 03:20:37 vixie Exp $)

*/10 * * * * cp /home/leaclover/test.txt /home/leaclover/test.txt.bak